// Vitest Snapshot v1, https://vitest.dev/guide/snapshot.html

exports[`Main Editor > renders properly 1`] = `""`;
