// Vitest Snapshot v1, https://vitest.dev/guide/snapshot.html

exports[`Editor > renders properly 1`] = `""`;
